// Jest Snapshot v1, https://goo.gl/fbAQLP

exports[`matches snapshot 1`] = `
<DocumentFragment>
  <footer
    class="Footer"
  >
    <div
      class="Footer__Item"
    >
      <a
        class="Action Action__Appearance--none"
        href="/credits"
      >
        Credits
      </a>
    </div>
    <div
      class="Footer__Item"
    >
      <a
        class="Action Action__Appearance--none"
        href="https://github.com/oscar8880"
        target="_blank"
      >
        Github
      </a>
    </div>
  </footer>
</DocumentFragment>
`;
