// Jest Snapshot v1, https://goo.gl/fbAQLP

exports[`matches snapshot 1`] = `
<DocumentFragment>
  <form
    action="#"
  >
    <div
      class="FormikCheckbox__Container"
    >
      <input
        class="FormikCheckbox__Input"
        id="test"
        name="test"
        type="checkbox"
        value=""
      />
      <label
        class="FormikCheckbox__Label"
        for="test"
      >
        test
      </label>
    </div>
  </form>
</DocumentFragment>
`;
